
Discarded input sections

 .text          0x0000000000000000        0x0 /tmp/ccNEa8hv.o
 .data          0x0000000000000000        0x0 /tmp/ccNEa8hv.o
 .bss           0x0000000000000000        0x0 /tmp/ccNEa8hv.o
 .text          0x0000000000000000        0x0 /tmp/ccd9qRQH.o
 .data          0x0000000000000000        0x0 /tmp/ccd9qRQH.o
 .bss           0x0000000000000000        0x0 /tmp/ccd9qRQH.o
 .text.memcpy   0x0000000000000000       0x24 /tmp/ccd9qRQH.o
 .text.putc     0x0000000000000000        0xc /tmp/ccd9qRQH.o
 .text.print    0x0000000000000000       0x1c /tmp/ccd9qRQH.o
 .text.esp32_write
                0x0000000000000000       0x6c /tmp/ccd9qRQH.o

Memory Configuration

Name             Origin             Length             Attributes
RAM              0x0000000000000000 0x0000000000008000 xrw
*default*        0x0000000000000000 0xffffffffffffffff

Linker script and memory map

LOAD /tmp/ccNEa8hv.o
LOAD /tmp/ccd9qRQH.o
LOAD /opt/riscv32i/lib/gcc/riscv32-unknown-elf/8.2.0/libgcc.a
                0x0000000000000000                . = ORIGIN (RAM)

.text           0x0000000000000000      0x544
 *(.text.start)
 .text.start    0x0000000000000000       0x30 /tmp/ccNEa8hv.o
                0x0000000000000000                _start
 *(.text*)
 .text.delay    0x0000000000000030       0x30 /tmp/ccd9qRQH.o
                0x0000000000000030                delay
 .text.i2c_wait
                0x0000000000000060       0x14 /tmp/ccd9qRQH.o
                0x0000000000000060                i2c_wait
 .text.oled_write
                0x0000000000000074       0x4c /tmp/ccd9qRQH.o
                0x0000000000000074                oled_write
 .text.oled_cmd
                0x00000000000000c0       0x10 /tmp/ccd9qRQH.o
                0x00000000000000c0                oled_cmd
 .text.oled_data
                0x00000000000000d0       0x10 /tmp/ccd9qRQH.o
                0x00000000000000d0                oled_data
 .text.oled_init
                0x00000000000000e0      0x15c /tmp/ccd9qRQH.o
                0x00000000000000e0                oled_init
 .text.oled_hex
                0x000000000000023c       0x70 /tmp/ccd9qRQH.o
                0x000000000000023c                oled_hex
 .text.oled_clear
                0x00000000000002ac       0x7c /tmp/ccd9qRQH.o
                0x00000000000002ac                oled_clear
 .text.oled_hexbyte
                0x0000000000000328       0x34 /tmp/ccd9qRQH.o
                0x0000000000000328                oled_hexbyte
 .text.oled_show_line
                0x000000000000035c       0xac /tmp/ccd9qRQH.o
                0x000000000000035c                oled_show_line
 .text.esp32_read
                0x0000000000000408       0x40 /tmp/ccd9qRQH.o
                0x0000000000000408                esp32_read
 .text.startup.main
                0x0000000000000448       0xac /tmp/ccd9qRQH.o
                0x0000000000000448                main
 *(.rodata*)
 .rodata.font_hex
                0x00000000000004f4       0x50 /tmp/ccd9qRQH.o
                0x00000000000004f4                font_hex
                0x0000000000000544                . = ALIGN (0x4)

.rela.dyn       0x0000000000000544        0x0
 .rela.text.start
                0x0000000000000544        0x0 /tmp/ccNEa8hv.o

.data           0x0000000000000544        0x0
                0x0000000000000544                __data_start = .
 *(.data*)
                0x0000000000000544                __data_end = .
                0x0000000000000544                . = ALIGN (0x4)

.bss            0x0000000000000544        0x0
                0x0000000000000544                . = ALIGN (0x4)
                0x0000000000000544                __bss_start = .
 *(.bss*)
 *(COMMON)
                0x0000000000000544                __bss_end = .
                0x0000000000000544                . = ALIGN (0x4)
                0x0000000000000544                _end = .
                0x0000000000008000                __stack_top = (ORIGIN (RAM) + LENGTH (RAM))
OUTPUT(firmware.elf elf32-littleriscv)

.comment        0x0000000000000000       0x11
 .comment       0x0000000000000000       0x11 /tmp/ccd9qRQH.o
                                         0x12 (size before relaxing)
